// Jest Snapshot v1, https://goo.gl/fbAQLP

exports[`<Loader /> should be able render Loader correctly 1`] = `
<div
  class="sc-bdfBwQ bcmwbS"
/>
`;
